// Jest Snapshot v1, https://goo.gl/fbAQLP

exports[`renders correctly 1`] = `
<div
  className="home"
>
  <h1>
    Welcome to our page!
  </h1>
  <p>
    Lorem, ipsum dolor sit amet consectetur adipisicing elit. Inventore veritatis animi excepturi explicabo reiciendis, quaerat vitae saepe quam impedit expedita suscipit ut, blanditiis neque voluptate voluptatibus. Veritatis excepturi dolor ut!
  </p>
  <p>
    Lorem, ipsum dolor sit amet consectetur adipisicing elit. Inventore veritatis animi excepturi explicabo reiciendis, quaerat vitae saepe quam impedit expedita suscipit ut, blanditiis neque voluptate voluptatibus. Veritatis excepturi dolor ut!
  </p>
</div>
`;
